// Jest Snapshot v1, https://goo.gl/fbAQLP

exports[`ArticleList renders correctly 1`] = `
<div>
  <div
    style={
      Object {
        "border": "1px solid #ccc",
        "marginBottom": 20,
        "paddingTop": 20,
      }
    }
  >
    <div
      style={
        Object {
          "fontWeight": "bold",
        }
      }
    >
       
       
    </div>
    <div
      style={
        Object {
          "color": "red",
        }
      }
    >
      Invalid Date
    </div>
    <div>
      <a
        href={undefined}
      />
    </div>
    <div
      style={
        Object {
          "marginTop": 20,
        }
      }
    >
       
       
    </div>
  </div>
  <div
    style={
      Object {
        "border": "1px solid #ccc",
        "marginBottom": 20,
        "paddingTop": 20,
      }
    }
  >
    <div
      style={
        Object {
          "fontWeight": "bold",
        }
      }
    >
       
       
    </div>
    <div
      style={
        Object {
          "color": "red",
        }
      }
    >
      Invalid Date
    </div>
    <div>
      <a
        href={undefined}
      />
    </div>
    <div
      style={
        Object {
          "marginTop": 20,
        }
      }
    >
       
       
    </div>
  </div>
</div>
`;
